---
http_interactions:
- request:
    method: put
    uri: http://backend:5352/source/home:tom/_meta?user=tom
    body:
      encoding: UTF-8
      string: |
        <project name="home:tom">
          <title/>
          <description/>
          <person userid="tom" role="maintainer"/>
        </project>
    headers:
      Accept-Encoding:
      - gzip;q=1.0,deflate;q=0.6,identity;q=0.3
      Accept:
      - "*/*"
      User-Agent:
      - Ruby
  response:
    status:
      code: 200
      message: OK
    headers:
      Content-Type:
      - text/xml
      Cache-Control:
      - no-cache
      Connection:
      - close
      Content-Length:
      - '129'
    body:
      encoding: UTF-8
      string: |
        <project name="home:tom">
          <title></title>
          <description></description>
          <person userid="tom" role="maintainer" />
        </project>
    http_version: 
  recorded_at: Fri, 15 Dec 2017 12:40:52 GMT
- request:
    method: put
    uri: http://backend:5352/source/home:tom/package_with_file/_meta?user=tom
    body:
      encoding: UTF-8
      string: |
        <package name="package_with_file" project="home:tom">
          <title>What's Become of Waring</title>
          <description>Provident velit eum aut.</description>
        </package>
    headers:
      Accept-Encoding:
      - gzip;q=1.0,deflate;q=0.6,identity;q=0.3
      Accept:
      - "*/*"
      User-Agent:
      - Ruby
  response:
    status:
      code: 200
      message: OK
    headers:
      Content-Type:
      - text/xml
      Cache-Control:
      - no-cache
      Connection:
      - close
      Content-Length:
      - '160'
    body:
      encoding: UTF-8
      string: |
        <package name="package_with_file" project="home:tom">
          <title>What's Become of Waring</title>
          <description>Provident velit eum aut.</description>
        </package>
    http_version: 
  recorded_at: Fri, 15 Dec 2017 12:40:52 GMT
- request:
    method: put
    uri: http://backend:5352/source/home:tom/package_with_file/_meta
    body:
      encoding: UTF-8
      string: |
        <package name="package_with_file" project="home:tom">
          <title>What's Become of Waring</title>
          <description>Provident velit eum aut.</description>
        </package>
    headers:
      Accept-Encoding:
      - gzip;q=1.0,deflate;q=0.6,identity;q=0.3
      Accept:
      - "*/*"
      User-Agent:
      - Ruby
  response:
    status:
      code: 200
      message: OK
    headers:
      Content-Type:
      - text/xml
      Cache-Control:
      - no-cache
      Connection:
      - close
      Content-Length:
      - '160'
    body:
      encoding: UTF-8
      string: |
        <package name="package_with_file" project="home:tom">
          <title>What's Become of Waring</title>
          <description>Provident velit eum aut.</description>
        </package>
    http_version: 
  recorded_at: Fri, 15 Dec 2017 12:40:52 GMT
- request:
    method: put
    uri: http://backend:5352/source/home:tom/package_with_file/_config
    body:
      encoding: UTF-8
      string: Dolores debitis velit commodi ut. Numquam optio asperiores saepe voluptas
        vero quae architecto. Sed unde voluptatem dolorem sit sit voluptate numquam.
        Qui necessitatibus tempore quo consequatur ut et. Dolore debitis nobis necessitatibus
        consequatur repellat accusantium maxime.
    headers:
      Accept-Encoding:
      - gzip;q=1.0,deflate;q=0.6,identity;q=0.3
      Accept:
      - "*/*"
      User-Agent:
      - Ruby
  response:
    status:
      code: 200
      message: OK
    headers:
      Content-Type:
      - text/xml
      Cache-Control:
      - no-cache
      Connection:
      - close
      Content-Length:
      - '209'
    body:
      encoding: UTF-8
      string: |
        <revision rev="11" vrev="11">
          <srcmd5>12df2b747eefcf6da5ea08cc5d535918</srcmd5>
          <version>unknown</version>
          <time>1513341652</time>
          <user>unknown</user>
          <comment></comment>
          <requestid/>
        </revision>
    http_version: 
  recorded_at: Fri, 15 Dec 2017 12:40:52 GMT
- request:
    method: put
    uri: http://backend:5352/source/home:tom/package_with_file/somefile.txt
    body:
      encoding: UTF-8
      string: Quis rerum asperiores. Ut ducimus ea at aut tempore quasi dicta. Quo
        voluptatem saepe eos. Aut ipsum ratione. Et ut quis enim quaerat architecto.
    headers:
      Accept-Encoding:
      - gzip;q=1.0,deflate;q=0.6,identity;q=0.3
      Accept:
      - "*/*"
      User-Agent:
      - Ruby
  response:
    status:
      code: 200
      message: OK
    headers:
      Content-Type:
      - text/xml
      Cache-Control:
      - no-cache
      Connection:
      - close
      Content-Length:
      - '209'
    body:
      encoding: UTF-8
      string: |
        <revision rev="12" vrev="12">
          <srcmd5>12df2b747eefcf6da5ea08cc5d535918</srcmd5>
          <version>unknown</version>
          <time>1513341652</time>
          <user>unknown</user>
          <comment></comment>
          <requestid/>
        </revision>
    http_version: 
  recorded_at: Fri, 15 Dec 2017 12:40:52 GMT
- request:
    method: get
    uri: http://backend:5352/source/home:tom/package_with_file
    body:
      encoding: US-ASCII
      string: ''
    headers:
      Accept-Encoding:
      - gzip;q=1.0,deflate;q=0.6,identity;q=0.3
      Accept:
      - "*/*"
      User-Agent:
      - Ruby
  response:
    status:
      code: 200
      message: OK
    headers:
      Content-Type:
      - text/xml
      Cache-Control:
      - no-cache
      Connection:
      - close
      Content-Length:
      - '308'
    body:
      encoding: UTF-8
      string: |
        <directory name="package_with_file" rev="12" vrev="12" srcmd5="12df2b747eefcf6da5ea08cc5d535918">
          <entry name="_config" md5="2453182810e1725beb12a5a6c0e02971" size="277" mtime="1513341652" />
          <entry name="somefile.txt" md5="cb1bc8c687101596e3e88d3cd19af933" size="145" mtime="1513341651" />
        </directory>
    http_version: 
  recorded_at: Fri, 15 Dec 2017 12:40:52 GMT
- request:
    method: post
    uri: http://backend:5352/source/home:tom/package_with_file?cmd=diff&expand=1&filelimit=10000&opackage=package_with_file&oproject=home:tom&tarlimit=10000
    body:
      encoding: UTF-8
      string: ''
    headers:
      Content-Type:
      - application/octet-stream
      Accept-Encoding:
      - gzip;q=1.0,deflate;q=0.6,identity;q=0.3
      Accept:
      - "*/*"
      User-Agent:
      - Ruby
  response:
    status:
      code: 200
      message: OK
    headers:
      Content-Type:
      - text/plain
      Cache-Control:
      - no-cache
      Connection:
      - close
      Content-Length:
      - '0'
    body:
      encoding: UTF-8
      string: ''
    http_version: 
  recorded_at: Fri, 15 Dec 2017 12:40:52 GMT
recorded_with: VCR 4.0.0
