---
http_interactions:
- request:
    method: put
    uri: http://localhost:3200/source/openSUSE_41/_meta
    body:
      encoding: UTF-8
      string: |
        <project name="openSUSE_41">
          <title>The Green Bay Tree</title>
          <description/>
        </project>
    headers:
      Accept-Encoding:
      - gzip;q=1.0,deflate;q=0.6,identity;q=0.3
      Accept:
      - "*/*"
      User-Agent:
      - Ruby
  response:
    status:
      code: 200
      message: OK
    headers:
      Content-Type:
      - text/xml
      Cache-Control:
      - no-cache
      Connection:
      - close
      Content-Length:
      - '106'
    body:
      encoding: UTF-8
      string: |
        <project name="openSUSE_41">
          <title>The Green Bay Tree</title>
          <description></description>
        </project>
    http_version: 
  recorded_at: Mon, 03 Jul 2017 12:51:38 GMT
- request:
    method: put
    uri: http://localhost:3200/source/openSUSE_41/_config
    body:
      encoding: UTF-8
      string: Quo quod quia qui illo illum. Totam dolor sapiente et suscipit velit
        voluptatum. Debitis molestias et dicta ea officiis consectetur. Sit id ut
        magni est omnis. Dolor necessitatibus distinctio consequatur.
    headers:
      Accept-Encoding:
      - gzip;q=1.0,deflate;q=0.6,identity;q=0.3
      Accept:
      - "*/*"
      User-Agent:
      - Ruby
  response:
    status:
      code: 200
      message: OK
    headers:
      Content-Type:
      - text/xml
      Cache-Control:
      - no-cache
      Connection:
      - close
      Content-Length:
      - '21'
    body:
      encoding: UTF-8
      string: '<status code="ok" />

'
    http_version: 
  recorded_at: Mon, 03 Jul 2017 12:51:38 GMT
- request:
    method: put
    uri: http://localhost:3200/source/project_used_for_restoration/_meta
    body:
      encoding: UTF-8
      string: |
        <project name="project_used_for_restoration">
          <title>restoration_project_title</title>
          <description/>
        </project>
    headers:
      Accept-Encoding:
      - gzip;q=1.0,deflate;q=0.6,identity;q=0.3
      Accept:
      - "*/*"
      User-Agent:
      - Ruby
  response:
    status:
      code: 200
      message: OK
    headers:
      Content-Type:
      - text/xml
      Cache-Control:
      - no-cache
      Connection:
      - close
      Content-Length:
      - '130'
    body:
      encoding: UTF-8
      string: |
        <project name="project_used_for_restoration">
          <title>restoration_project_title</title>
          <description></description>
        </project>
    http_version: 
  recorded_at: Mon, 03 Jul 2017 12:51:38 GMT
- request:
    method: put
    uri: http://localhost:3200/source/project_used_for_restoration/_config
    body:
      encoding: UTF-8
      string: Explicabo maxime vel voluptas saepe laudantium aliquid. Sit reiciendis
        et odio voluptas. Est cumque vitae.
    headers:
      Accept-Encoding:
      - gzip;q=1.0,deflate;q=0.6,identity;q=0.3
      Accept:
      - "*/*"
      User-Agent:
      - Ruby
  response:
    status:
      code: 200
      message: OK
    headers:
      Content-Type:
      - text/xml
      Cache-Control:
      - no-cache
      Connection:
      - close
      Content-Length:
      - '21'
    body:
      encoding: UTF-8
      string: '<status code="ok" />

'
    http_version: 
  recorded_at: Mon, 03 Jul 2017 12:51:38 GMT
- request:
    method: put
    uri: http://localhost:3200/source/project_used_for_restoration/restoration_package_0/_meta?user=Admin
    body:
      encoding: UTF-8
      string: |
        <package name="restoration_package_0" project="project_used_for_restoration">
          <title>restoration_title_0</title>
          <description>restoration_desc_0</description>
        </package>
    headers:
      Accept-Encoding:
      - gzip;q=1.0,deflate;q=0.6,identity;q=0.3
      Accept:
      - "*/*"
      User-Agent:
      - Ruby
  response:
    status:
      code: 200
      message: OK
    headers:
      Content-Type:
      - text/xml
      Cache-Control:
      - no-cache
      Connection:
      - close
      Content-Length:
      - '174'
    body:
      encoding: UTF-8
      string: |
        <package name="restoration_package_0" project="project_used_for_restoration">
          <title>restoration_title_0</title>
          <description>restoration_desc_0</description>
        </package>
    http_version: 
  recorded_at: Mon, 03 Jul 2017 12:51:38 GMT
- request:
    method: put
    uri: http://localhost:3200/source/project_used_for_restoration/restoration_package_0/_meta
    body:
      encoding: UTF-8
      string: |
        <package name="restoration_package_0" project="project_used_for_restoration">
          <title>restoration_title_0</title>
          <description>restoration_desc_0</description>
        </package>
    headers:
      Accept-Encoding:
      - gzip;q=1.0,deflate;q=0.6,identity;q=0.3
      Accept:
      - "*/*"
      User-Agent:
      - Ruby
  response:
    status:
      code: 200
      message: OK
    headers:
      Content-Type:
      - text/xml
      Cache-Control:
      - no-cache
      Connection:
      - close
      Content-Length:
      - '174'
    body:
      encoding: UTF-8
      string: |
        <package name="restoration_package_0" project="project_used_for_restoration">
          <title>restoration_title_0</title>
          <description>restoration_desc_0</description>
        </package>
    http_version: 
  recorded_at: Mon, 03 Jul 2017 12:51:38 GMT
- request:
    method: put
    uri: http://localhost:3200/source/project_used_for_restoration/restoration_package_0/_meta?user=Admin
    body:
      encoding: UTF-8
      string: |
        <package name="restoration_package_0" project="project_used_for_restoration">
          <title>restoration_title_0</title>
          <description>restoration_desc_0</description>
        </package>
    headers:
      Accept-Encoding:
      - gzip;q=1.0,deflate;q=0.6,identity;q=0.3
      Accept:
      - "*/*"
      User-Agent:
      - Ruby
  response:
    status:
      code: 200
      message: OK
    headers:
      Content-Type:
      - text/xml
      Cache-Control:
      - no-cache
      Connection:
      - close
      Content-Length:
      - '174'
    body:
      encoding: UTF-8
      string: |
        <package name="restoration_package_0" project="project_used_for_restoration">
          <title>restoration_title_0</title>
          <description>restoration_desc_0</description>
        </package>
    http_version: 
  recorded_at: Mon, 03 Jul 2017 12:51:38 GMT
- request:
    method: put
    uri: http://localhost:3200/source/project_used_for_restoration/restoration_package_1/_meta?user=Admin
    body:
      encoding: UTF-8
      string: |
        <package name="restoration_package_1" project="project_used_for_restoration">
          <title>restoration_title_1</title>
          <description>restoration_desc_1</description>
        </package>
    headers:
      Accept-Encoding:
      - gzip;q=1.0,deflate;q=0.6,identity;q=0.3
      Accept:
      - "*/*"
      User-Agent:
      - Ruby
  response:
    status:
      code: 200
      message: OK
    headers:
      Content-Type:
      - text/xml
      Cache-Control:
      - no-cache
      Connection:
      - close
      Content-Length:
      - '174'
    body:
      encoding: UTF-8
      string: |
        <package name="restoration_package_1" project="project_used_for_restoration">
          <title>restoration_title_1</title>
          <description>restoration_desc_1</description>
        </package>
    http_version: 
  recorded_at: Mon, 03 Jul 2017 12:51:38 GMT
- request:
    method: put
    uri: http://localhost:3200/source/project_used_for_restoration/restoration_package_1/_meta
    body:
      encoding: UTF-8
      string: |
        <package name="restoration_package_1" project="project_used_for_restoration">
          <title>restoration_title_1</title>
          <description>restoration_desc_1</description>
        </package>
    headers:
      Accept-Encoding:
      - gzip;q=1.0,deflate;q=0.6,identity;q=0.3
      Accept:
      - "*/*"
      User-Agent:
      - Ruby
  response:
    status:
      code: 200
      message: OK
    headers:
      Content-Type:
      - text/xml
      Cache-Control:
      - no-cache
      Connection:
      - close
      Content-Length:
      - '174'
    body:
      encoding: UTF-8
      string: |
        <package name="restoration_package_1" project="project_used_for_restoration">
          <title>restoration_title_1</title>
          <description>restoration_desc_1</description>
        </package>
    http_version: 
  recorded_at: Mon, 03 Jul 2017 12:51:38 GMT
- request:
    method: put
    uri: http://localhost:3200/source/project_used_for_restoration/restoration_package_1/_meta?user=Admin
    body:
      encoding: UTF-8
      string: |
        <package name="restoration_package_1" project="project_used_for_restoration">
          <title>restoration_title_1</title>
          <description>restoration_desc_1</description>
        </package>
    headers:
      Accept-Encoding:
      - gzip;q=1.0,deflate;q=0.6,identity;q=0.3
      Accept:
      - "*/*"
      User-Agent:
      - Ruby
  response:
    status:
      code: 200
      message: OK
    headers:
      Content-Type:
      - text/xml
      Cache-Control:
      - no-cache
      Connection:
      - close
      Content-Length:
      - '174'
    body:
      encoding: UTF-8
      string: |
        <package name="restoration_package_1" project="project_used_for_restoration">
          <title>restoration_title_1</title>
          <description>restoration_desc_1</description>
        </package>
    http_version: 
  recorded_at: Mon, 03 Jul 2017 12:51:38 GMT
- request:
    method: delete
    uri: http://localhost:3200/source/project_used_for_restoration?comment&user=Admin
    body:
      encoding: US-ASCII
      string: ''
    headers:
      Accept-Encoding:
      - gzip;q=1.0,deflate;q=0.6,identity;q=0.3
      Accept:
      - "*/*"
      User-Agent:
      - Ruby
  response:
    status:
      code: 200
      message: OK
    headers:
      Cache-Control:
      - no-cache
      Connection:
      - close
      Content-Length:
      - '21'
    body:
      encoding: UTF-8
      string: '<status code="ok" />

'
    http_version: 
  recorded_at: Mon, 03 Jul 2017 12:51:38 GMT
- request:
    method: post
    uri: http://localhost:3200/source/project_used_for_restoration?cmd=undelete
    body:
      encoding: UTF-8
      string: ''
    headers:
      Content-Type:
      - application/octet-stream
      Accept-Encoding:
      - gzip;q=1.0,deflate;q=0.6,identity;q=0.3
      Accept:
      - "*/*"
      User-Agent:
      - Ruby
  response:
    status:
      code: 200
      message: OK
    headers:
      Content-Type:
      - text/xml
      Cache-Control:
      - no-cache
      Connection:
      - close
      Content-Length:
      - '21'
    body:
      encoding: UTF-8
      string: '<status code="ok" />

'
    http_version: 
  recorded_at: Mon, 03 Jul 2017 12:51:39 GMT
- request:
    method: get
    uri: http://localhost:3200/source/project_used_for_restoration/_meta
    body:
      encoding: US-ASCII
      string: ''
    headers:
      Accept-Encoding:
      - gzip;q=1.0,deflate;q=0.6,identity;q=0.3
      Accept:
      - "*/*"
      User-Agent:
      - Ruby
  response:
    status:
      code: 200
      message: OK
    headers:
      Content-Type:
      - text/xml
      Cache-Control:
      - no-cache
      Connection:
      - close
      Content-Length:
      - '130'
    body:
      encoding: UTF-8
      string: |
        <project name="project_used_for_restoration">
          <title>restoration_project_title</title>
          <description></description>
        </project>
    http_version: 
  recorded_at: Mon, 03 Jul 2017 12:51:39 GMT
- request:
    method: put
    uri: http://localhost:3200/source/project_used_for_restoration/_meta?user=Admin
    body:
      encoding: UTF-8
      string: |
        <project name="project_used_for_restoration">
          <title>restoration_project_title</title>
          <description/>
        </project>
    headers:
      Accept-Encoding:
      - gzip;q=1.0,deflate;q=0.6,identity;q=0.3
      Accept:
      - "*/*"
      User-Agent:
      - Ruby
  response:
    status:
      code: 200
      message: OK
    headers:
      Content-Type:
      - text/xml
      Cache-Control:
      - no-cache
      Connection:
      - close
      Content-Length:
      - '130'
    body:
      encoding: UTF-8
      string: |
        <project name="project_used_for_restoration">
          <title>restoration_project_title</title>
          <description></description>
        </project>
    http_version: 
  recorded_at: Mon, 03 Jul 2017 12:51:39 GMT
- request:
    method: get
    uri: http://localhost:3200/source/project_used_for_restoration/restoration_package_0/_meta
    body:
      encoding: US-ASCII
      string: ''
    headers:
      Accept-Encoding:
      - gzip;q=1.0,deflate;q=0.6,identity;q=0.3
      Accept:
      - "*/*"
      User-Agent:
      - Ruby
  response:
    status:
      code: 200
      message: OK
    headers:
      Content-Type:
      - text/xml
      Cache-Control:
      - no-cache
      Connection:
      - close
      Content-Length:
      - '174'
    body:
      encoding: UTF-8
      string: |
        <package name="restoration_package_0" project="project_used_for_restoration">
          <title>restoration_title_0</title>
          <description>restoration_desc_0</description>
        </package>
    http_version: 
  recorded_at: Mon, 03 Jul 2017 12:51:39 GMT
- request:
    method: put
    uri: http://localhost:3200/source/project_used_for_restoration/restoration_package_0/_meta?user=Admin
    body:
      encoding: UTF-8
      string: |
        <package name="restoration_package_0" project="project_used_for_restoration">
          <title>restoration_title_0</title>
          <description>restoration_desc_0</description>
        </package>
    headers:
      Accept-Encoding:
      - gzip;q=1.0,deflate;q=0.6,identity;q=0.3
      Accept:
      - "*/*"
      User-Agent:
      - Ruby
  response:
    status:
      code: 200
      message: OK
    headers:
      Content-Type:
      - text/xml
      Cache-Control:
      - no-cache
      Connection:
      - close
      Content-Length:
      - '174'
    body:
      encoding: UTF-8
      string: |
        <package name="restoration_package_0" project="project_used_for_restoration">
          <title>restoration_title_0</title>
          <description>restoration_desc_0</description>
        </package>
    http_version: 
  recorded_at: Mon, 03 Jul 2017 12:51:39 GMT
- request:
    method: put
    uri: http://localhost:3200/source/project_used_for_restoration/restoration_package_0/_meta?user=Admin
    body:
      encoding: UTF-8
      string: |
        <package name="restoration_package_0" project="project_used_for_restoration">
          <title>restoration_title_0</title>
          <description>restoration_desc_0</description>
        </package>
    headers:
      Accept-Encoding:
      - gzip;q=1.0,deflate;q=0.6,identity;q=0.3
      Accept:
      - "*/*"
      User-Agent:
      - Ruby
  response:
    status:
      code: 200
      message: OK
    headers:
      Content-Type:
      - text/xml
      Cache-Control:
      - no-cache
      Connection:
      - close
      Content-Length:
      - '174'
    body:
      encoding: UTF-8
      string: |
        <package name="restoration_package_0" project="project_used_for_restoration">
          <title>restoration_title_0</title>
          <description>restoration_desc_0</description>
        </package>
    http_version: 
  recorded_at: Mon, 03 Jul 2017 12:51:39 GMT
- request:
    method: get
    uri: http://localhost:3200/source/project_used_for_restoration/restoration_package_1/_meta
    body:
      encoding: US-ASCII
      string: ''
    headers:
      Accept-Encoding:
      - gzip;q=1.0,deflate;q=0.6,identity;q=0.3
      Accept:
      - "*/*"
      User-Agent:
      - Ruby
  response:
    status:
      code: 200
      message: OK
    headers:
      Content-Type:
      - text/xml
      Cache-Control:
      - no-cache
      Connection:
      - close
      Content-Length:
      - '174'
    body:
      encoding: UTF-8
      string: |
        <package name="restoration_package_1" project="project_used_for_restoration">
          <title>restoration_title_1</title>
          <description>restoration_desc_1</description>
        </package>
    http_version: 
  recorded_at: Mon, 03 Jul 2017 12:51:39 GMT
- request:
    method: put
    uri: http://localhost:3200/source/project_used_for_restoration/restoration_package_1/_meta?user=Admin
    body:
      encoding: UTF-8
      string: |
        <package name="restoration_package_1" project="project_used_for_restoration">
          <title>restoration_title_1</title>
          <description>restoration_desc_1</description>
        </package>
    headers:
      Accept-Encoding:
      - gzip;q=1.0,deflate;q=0.6,identity;q=0.3
      Accept:
      - "*/*"
      User-Agent:
      - Ruby
  response:
    status:
      code: 200
      message: OK
    headers:
      Content-Type:
      - text/xml
      Cache-Control:
      - no-cache
      Connection:
      - close
      Content-Length:
      - '174'
    body:
      encoding: UTF-8
      string: |
        <package name="restoration_package_1" project="project_used_for_restoration">
          <title>restoration_title_1</title>
          <description>restoration_desc_1</description>
        </package>
    http_version: 
  recorded_at: Mon, 03 Jul 2017 12:51:39 GMT
- request:
    method: put
    uri: http://localhost:3200/source/project_used_for_restoration/restoration_package_1/_meta?user=Admin
    body:
      encoding: UTF-8
      string: |
        <package name="restoration_package_1" project="project_used_for_restoration">
          <title>restoration_title_1</title>
          <description>restoration_desc_1</description>
        </package>
    headers:
      Accept-Encoding:
      - gzip;q=1.0,deflate;q=0.6,identity;q=0.3
      Accept:
      - "*/*"
      User-Agent:
      - Ruby
  response:
    status:
      code: 200
      message: OK
    headers:
      Content-Type:
      - text/xml
      Cache-Control:
      - no-cache
      Connection:
      - close
      Content-Length:
      - '174'
    body:
      encoding: UTF-8
      string: |
        <package name="restoration_package_1" project="project_used_for_restoration">
          <title>restoration_title_1</title>
          <description>restoration_desc_1</description>
        </package>
    http_version: 
  recorded_at: Mon, 03 Jul 2017 12:51:39 GMT
recorded_with: VCR 3.0.3
